Node execution successful